\BOOKMARK [1][-]{section.1}{\376\377\000I\000n\000t\000r\000o\000d\000u\000c\000t\000i\000o\000n}{}% 1
\BOOKMARK [1][-]{section.2}{\376\377\000C\000o\000m\000p\000l\000e\000x\000i\000t\000y\000\040\000M\000e\000t\000r\000i\000c\000s}{}% 2
\BOOKMARK [2][-]{subsection.2.1}{\376\377\000S\000t\000r\000u\000c\000t\000u\000r\000a\000l\000\040\000M\000e\000t\000r\000i\000c\000s}{section.2}% 3
\BOOKMARK [3][-]{subsubsection.2.1.1}{\376\377\000M\000c\000C\000a\000b\000e\000\040\000C\000y\000c\000l\000o\000m\000a\000t\000i\000c\000\040\000C\000o\000m\000p\000l\000e\000x\000i\000t\000y}{subsection.2.1}% 4
\BOOKMARK [3][-]{subsubsection.2.1.2}{\376\377\000N\000P\000a\000t\000h\000\040\000C\000o\000m\000p\000l\000e\000x\000i\000t\000y}{subsection.2.1}% 5
\BOOKMARK [3][-]{subsubsection.2.1.3}{\376\377\000A\000B\000C\000\040\000C\000o\000m\000p\000l\000e\000x\000i\000t\000y}{subsection.2.1}% 6
\BOOKMARK [3][-]{subsubsection.2.1.4}{\376\377\000C\000o\000g\000n\000i\000t\000i\000v\000e\000\040\000C\000o\000m\000p\000l\000e\000x\000i\000t\000y}{subsection.2.1}% 7
\BOOKMARK [3][-]{subsubsection.2.1.5}{\376\377\000N\000e\000s\000t\000i\000n\000g\000\040\000D\000e\000p\000t\000h}{subsection.2.1}% 8
\BOOKMARK [2][-]{subsection.2.2}{\376\377\000S\000i\000z\000e\000-\000B\000a\000s\000e\000d\000\040\000M\000e\000t\000r\000i\000c\000s}{section.2}% 9
\BOOKMARK [3][-]{subsubsection.2.2.1}{\376\377\000S\000L\000O\000C}{subsection.2.2}% 10
\BOOKMARK [3][-]{subsubsection.2.2.2}{\376\377\000T\000o\000k\000e\000n\000\040\000C\000o\000u\000n\000t}{subsection.2.2}% 11
\BOOKMARK [2][-]{subsection.2.3}{\376\377\000V\000o\000c\000a\000b\000u\000l\000a\000r\000y\000-\000B\000a\000s\000e\000d\000\040\000M\000e\000t\000r\000i\000c\000s}{section.2}% 12
\BOOKMARK [3][-]{subsubsection.2.3.1}{\376\377\000H\000a\000l\000s\000t\000e\000a\000d\000\040\000S\000o\000f\000t\000w\000a\000r\000e\000\040\000S\000c\000i\000e\000n\000c\000e}{subsection.2.3}% 13
\BOOKMARK [2][-]{subsection.2.4}{\376\377\000C\000o\000m\000p\000o\000s\000i\000t\000e\000\040\000M\000e\000t\000r\000i\000c\000s}{section.2}% 14
\BOOKMARK [3][-]{subsubsection.2.4.1}{\376\377\000M\000a\000i\000n\000t\000a\000i\000n\000a\000b\000i\000l\000i\000t\000y\000\040\000I\000n\000d\000e\000x}{subsection.2.4}% 15
\BOOKMARK [2][-]{subsection.2.5}{\376\377\000A\000I\000-\000C\000o\000s\000t\000\040\000M\000e\000t\000r\000i\000c\000s}{section.2}% 16
\BOOKMARK [1][-]{section.3}{\376\377\000T\000o\000o\000l\000\040\000E\000v\000a\000l\000u\000a\000t\000i\000o\000n}{}% 17
\BOOKMARK [2][-]{subsection.3.1}{\376\377\000p\000m\000c\000c\000a\000b\000e}{section.3}% 18
\BOOKMARK [2][-]{subsection.3.2}{\376\377\000l\000i\000z\000a\000r\000d}{section.3}% 19
\BOOKMARK [2][-]{subsection.3.3}{\376\377\000r\000a\000d\000o\000n}{section.3}% 20
\BOOKMARK [2][-]{subsection.3.4}{\376\377\000r\000u\000s\000t\000-\000c\000o\000d\000e\000-\000a\000n\000a\000l\000y\000s\000i\000s}{section.3}% 21
\BOOKMARK [2][-]{subsection.3.5}{\376\377\000t\000o\000k\000e\000i}{section.3}% 22
\BOOKMARK [2][-]{subsection.3.6}{\376\377\000S\000o\000n\000a\000r\000Q\000u\000b\000e}{section.3}% 23
\BOOKMARK [2][-]{subsection.3.7}{\376\377\000U\000n\000d\000e\000r\000s\000t\000a\000n\000d}{section.3}% 24
\BOOKMARK [2][-]{subsection.3.8}{\376\377\000k\000n\000o\000t\000s}{section.3}% 25
\BOOKMARK [1][-]{section.4}{\376\377\000T\000h\000e\000\040\000A\000I\000-\000C\000o\000s\000t\000\040\000G\000a\000p}{}% 26
\BOOKMARK [2][-]{subsection.4.1}{\376\377\000W\000h\000a\000t\000\040\000E\000x\000i\000s\000t\000i\000n\000g\000\040\000M\000e\000t\000r\000i\000c\000s\000\040\000M\000i\000s\000s}{section.4}% 27
\BOOKMARK [2][-]{subsection.4.2}{\376\377\000W\000h\000a\000t\000\040\000E\000x\000i\000s\000t\000i\000n\000g\000\040\000T\000o\000o\000l\000s\000\040\000M\000i\000s\000s}{section.4}% 28
\BOOKMARK [2][-]{subsection.4.3}{\376\377\000T\000h\000r\000e\000s\000h\000o\000l\000d\000\040\000C\000a\000l\000i\000b\000r\000a\000t\000i\000o\000n}{section.4}% 29
\BOOKMARK [1][-]{section.5}{\376\377\000R\000e\000l\000a\000t\000e\000d\000\040\000W\000o\000r\000k}{}% 30
\BOOKMARK [1][-]{section.6}{\376\377\000C\000o\000n\000c\000l\000u\000s\000i\000o\000n}{}% 31
